// Jest Snapshot v1, https://goo.gl/fbAQLP

exports[`BookDetail should render correctly when there is no error 1`] = `
<div
  class="flex flex-wrap md:flex-no-wrap px-3 py-4 odd:bg-teal-300"
>
  <div
    class="w-20 sm:w-32 lg:w-40 mr-2 flex-grow-0 flex-shrink-0 bg-pink-200"
  >
    <img
      alt=""
      src="http://covers.openlibrary.org/b/isbn/fake-isbn-M.jpg?default=false"
    />
  </div>
  <div
    class="flex flex-1 flex-wrap content-center mr-2"
  >
    <span
      class="w-full text-xl font-medium"
    >
      book title
    </span>
    <span
      class="italic text-gray-700"
    >
      someone
    </span>
    <span
      class="text-gray-700"
    >
       - 
      1999
    </span>
  </div>
</div>
`;

exports[`BookDetail should render the "similar" button when it has a subjet 1`] = `
"Snapshot Diff:
- First value
+ Second value

@@ -27,6 +27,11 @@
      >
         - 
        1999
      </span>
    </div>
+   <button
+     class=\\"self-center w-full md:w-auto flex-none p-2 mt-3 md:mt-0 ml-auto shadow-lg rounded-lg border-2 border-pink-700 text-pink-700 hover:bg-teal-100 active:bg-teal-100 focus:bg-teal-100\\"
+   >
+     Buscar parecido
+   </button>
  </div>"
`;
